stm32756g_eval_lcd.c:1550:13:LL_FillBuffer	40	static
stm32756g_eval_lcd.c:282:10:BSP_LCD_GetXSize	0	static
stm32756g_eval_lcd.c:291:10:BSP_LCD_GetYSize	0	static
stm32756g_eval_lcd.c:301:6:BSP_LCD_SetXSize	0	static
stm32756g_eval_lcd.c:311:6:BSP_LCD_SetYSize	0	static
stm32756g_eval_lcd.c:322:6:BSP_LCD_LayerDefaultInit	72	static
stm32756g_eval_lcd.c:355:6:BSP_LCD_SelectLayer	0	static
stm32756g_eval_lcd.c:369:6:BSP_LCD_SetLayerVisible	0	static
stm32756g_eval_lcd.c:391:6:BSP_LCD_SetLayerVisible_NoReload	0	static
stm32756g_eval_lcd.c:411:6:BSP_LCD_SetTransparency	0	static
stm32756g_eval_lcd.c:423:6:BSP_LCD_SetTransparency_NoReload	0	static
stm32756g_eval_lcd.c:434:6:BSP_LCD_SetLayerAddress	0	static
stm32756g_eval_lcd.c:445:6:BSP_LCD_SetLayerAddress_NoReload	0	static
stm32756g_eval_lcd.c:459:6:BSP_LCD_SetLayerWindow	24	static
stm32756g_eval_lcd.c:477:6:BSP_LCD_SetLayerWindow_NoReload	24	static
stm32756g_eval_lcd.c:492:6:BSP_LCD_SetColorKeying	16	static
stm32756g_eval_lcd.c:505:6:BSP_LCD_SetColorKeying_NoReload	16	static
stm32756g_eval_lcd.c:517:6:BSP_LCD_ResetColorKeying	0	static
stm32756g_eval_lcd.c:528:6:BSP_LCD_ResetColorKeying_NoReload	0	static
stm32756g_eval_lcd.c:541:6:BSP_LCD_Relaod	0	static
stm32756g_eval_lcd.c:551:6:BSP_LCD_SetTextColor	0	static
stm32756g_eval_lcd.c:560:10:BSP_LCD_GetTextColor	0	static
stm32756g_eval_lcd.c:570:6:BSP_LCD_SetBackColor	0	static
stm32756g_eval_lcd.c:579:10:BSP_LCD_GetBackColor	0	static
stm32756g_eval_lcd.c:589:6:BSP_LCD_SetFont	0	static
stm32756g_eval_lcd.c:598:8:BSP_LCD_GetFont	0	static
stm32756g_eval_lcd.c:609:10:BSP_LCD_ReadPixel	8	static
stm32756g_eval_lcd.c:644:6:BSP_LCD_Clear	16	static
stm32756g_eval_lcd.c:766:6:BSP_LCD_DrawHLine	24	static
stm32756g_eval_lcd.c:784:6:BSP_LCD_DrawVLine	32	static
stm32756g_eval_lcd.c:878:6:BSP_LCD_DrawRect	24	static
stm32756g_eval_lcd.c:1004:6:BSP_LCD_DrawPixel	12	static
stm32756g_eval_lcd.c:675:6:BSP_LCD_DisplayChar	56	static
stm32756g_eval_lcd.c:693:6:BSP_LCD_DisplayStringAt	32	static
stm32756g_eval_lcd.c:754:6:BSP_LCD_DisplayStringAtLine	4	static
stm32756g_eval_lcd.c:803:6:BSP_LCD_DrawLine	64	static
stm32756g_eval_lcd.c:943:6:BSP_LCD_DrawPolygon	16	static
stm32756g_eval_lcd.c:1472:13:FillTriangle	64	static
stm32756g_eval_lcd.c:896:6:BSP_LCD_DrawCircle	64	static
stm32756g_eval_lcd.c:971:6:BSP_LCD_DrawEllipse	56	static
stm32756g_eval_lcd.c:1017:6:BSP_LCD_DrawBitmap	56	static
stm32756g_eval_lcd.c:1075:6:BSP_LCD_FillRect	32	static
stm32756g_eval_lcd.c:655:6:BSP_LCD_ClearStringLine	24	static
stm32756g_eval_lcd.c:1096:6:BSP_LCD_FillCircle	48	static
stm32756g_eval_lcd.c:1144:6:BSP_LCD_FillPolygon	64	static
stm32756g_eval_lcd.c:1212:6:BSP_LCD_FillEllipse	48	static
stm32756g_eval_lcd.c:1242:6:BSP_LCD_DisplayOn	0	static
stm32756g_eval_lcd.c:1252:6:BSP_LCD_DisplayOff	0	static
stm32756g_eval_lcd.c:1264:13:BSP_LCD_MspInit	56	static
stm32756g_eval_lcd.c:1313:13:BSP_LCD_MspDeInit	8	static
stm32756g_eval_lcd.c:261:9:BSP_LCD_DeInit	8	static
stm32756g_eval_lcd.c:1350:13:BSP_LCD_ClockConfig	8	static
stm32756g_eval_lcd.c:180:9:BSP_LCD_InitEx	8	static
stm32756g_eval_lcd.c:170:9:BSP_LCD_Init	0	static
