stm32756g_eval.c:876:13:I2Cx_Init	48	static
stm32756g_eval.c:1013:13:I2Cx_Error.isra.1	8	static
stm32756g_eval.c:924:16:I2Cx_Read	32	static
stm32756g_eval.c:904:13:I2Cx_Write	32	static
stm32756g_eval.c:981:26:I2Cx_WriteMultiple	24	static
stm32756g_eval.c:950:26:I2Cx_ReadMultiple	32	static
stm32756g_eval.c:231:10:BSP_GetVersion	0	static
stm32756g_eval.c:246:6:BSP_LED_Init	48	static
stm32756g_eval.c:310:6:BSP_LED_DeInit	16	static
stm32756g_eval.c:359:6:BSP_LED_On	0	static
stm32756g_eval.c:399:6:BSP_LED_Off	0	static
stm32756g_eval.c:440:6:BSP_LED_Toggle	0	static
stm32756g_eval.c:487:6:BSP_PB_Init	48	static
stm32756g_eval.c:541:6:BSP_PB_DeInit	16	static
stm32756g_eval.c:563:10:BSP_PB_GetState	8	static
stm32756g_eval.c:578:6:BSP_COM_Init	56	static
stm32756g_eval.c:618:6:BSP_COM_DeInit	8	static
stm32756g_eval.c:638:6:BSP_POTENTIOMETER_Init	72	static
stm32756g_eval.c:687:10:BSP_POTENTIOMETER_GetLevel	8	static
stm32756g_eval.c:709:9:BSP_JOY_Init	16	static
stm32756g_eval.c:736:6:BSP_JOY_DeInit	0	static
stm32756g_eval.c:752:18:BSP_JOY_GetState	8	static
stm32756g_eval.c:1032:6:IOE_Init	0	static
stm32756g_eval.c:1041:6:IOE_ITConfig	0	static
stm32756g_eval.c:1053:6:IOE_Write	0	static
stm32756g_eval.c:1064:9:IOE_Read	0	static
stm32756g_eval.c:1077:10:IOE_ReadMultiple	16	static
stm32756g_eval.c:1090:6:IOE_WriteMultiple	16	static
stm32756g_eval.c:794:9:BSP_TS3510_IsDetected	32	static
stm32756g_eval.c:1100:6:IOE_Delay	0	static
stm32756g_eval.c:1113:6:MFX_IO_Init	0	static
stm32756g_eval.c:1122:6:MFX_IO_DeInit	0	static
stm32756g_eval.c:1130:6:MFX_IO_ITConfig	40	static
stm32756g_eval.c:1161:6:MFX_IO_Write	0	static
stm32756g_eval.c:1172:9:MFX_IO_Read	0	static
stm32756g_eval.c:1185:10:MFX_IO_ReadMultiple	16	static
stm32756g_eval.c:1195:6:MFX_IO_Delay	0	static
stm32756g_eval.c:1204:6:MFX_IO_Wakeup	0	static
stm32756g_eval.c:1212:6:MFX_IO_EnableWakeupPin	0	static
stm32756g_eval.c:1224:6:AUDIO_IO_Init	0	static
stm32756g_eval.c:1233:6:AUDIO_IO_DeInit	0	static
stm32756g_eval.c:1244:6:AUDIO_IO_Write	24	static
stm32756g_eval.c:1261:10:AUDIO_IO_Read	24	static
stm32756g_eval.c:1281:6:AUDIO_IO_Delay	0	static
stm32756g_eval.c:1292:6:CAMERA_IO_Init	0	static
stm32756g_eval.c:1304:6:CAMERA_IO_Write	24	static
stm32756g_eval.c:1327:10:CAMERA_IO_Read	24	static
stm32756g_eval.c:1352:6:CAMERA_Delay	0	static
stm32756g_eval.c:1363:6:EEPROM_IO_Init	0	static
stm32756g_eval.c:1376:19:EEPROM_IO_WriteData	16	static
stm32756g_eval.c:1389:19:EEPROM_IO_ReadData	16	static
stm32756g_eval.c:1401:19:EEPROM_IO_IsDeviceReady	0	static
